2026/08/31 16:45:10 [notice] 1#1: using the "epoll" event method
2026/08/31 16:45:10 [notice] 1#1: nginx/1.27.5
2026/08/31 16:45:10 [notice] 1#1: built by gcc 14.2.0 (Alpine 14.2.0) 
2026/08/31 16:45:10 [notice] 1#1: OS: Linux 6.18.33.2-microsoft-standard-WSL2
2026/08/31 16:45:10 [notice] 1#1: getrlimit(RLIMIT_NOFILE): 1048576:1048576
2026/08/31 16:45:10 [notice] 1#1: start worker processes
2026/08/31 16:45:10 [notice] 1#1: start worker process 21
2026/08/31 16:45:10 [notice] 1#1: start worker process 22
2026/08/31 16:45:10 [notice] 1#1: start worker process 23
2026/08/31 16:45:10 [notice] 1#1: start worker process 24
2026/08/31 16:45:10 [notice] 1#1: start worker process 25
2026/08/31 16:45:10 [notice] 1#1: start worker process 26
2026/08/31 16:45:10 [notice] 1#1: start worker process 27
2026/08/31 16:45:10 [notice] 1#1: start worker process 28
2026/08/31 16:45:10 [notice] 1#1: start worker process 29
2026/08/31 16:45:10 [notice] 1#1: start worker process 30
2026/08/31 16:45:10 [notice] 1#1: start worker process 31
2026/08/31 16:45:10 [notice] 1#1: start worker process 32
2026/08/31 16:45:10 [notice] 1#1: start worker process 33
2026/08/31 16:45:10 [notice] 1#1: start worker process 34
2026/08/31 16:45:10 [notice] 1#1: start worker process 35
2026/08/31 16:45:10 [notice] 1#1: start worker process 36
2026/08/31 16:45:10 [notice] 1#1: start worker process 37
2026/08/31 16:45:10 [notice] 1#1: start worker process 38
2026/08/31 16:45:10 [notice] 1#1: start worker process 39
2026/08/31 16:45:10 [notice] 1#1: start worker process 40
2026/08/31 16:45:10 [notice] 1#1: start worker process 41
2026/08/31 16:45:10 [notice] 1#1: start worker process 42
2026/08/31 16:58:30 [notice] 1#1: signal 3 (SIGQUIT) received, shutting down
2026/08/31 16:58:30 [notice] 21#21: gracefully shutting down
2026/08/31 16:58:30 [notice] 24#24: gracefully shutting down
2026/08/31 16:58:30 [notice] 24#24: exiting
2026/08/31 16:58:30 [notice] 25#25: gracefully shutting down
2026/08/31 16:58:30 [notice] 29#29: gracefully shutting down
2026/08/31 16:58:30 [notice] 26#26: gracefully shutting down
2026/08/31 16:58:30 [notice] 27#27: gracefully shutting down
2026/08/31 16:58:30 [notice] 22#22: gracefully shutting down
2026/08/31 16:58:30 [notice] 23#23: gracefully shutting down
2026/08/31 16:58:30 [notice] 31#31: gracefully shutting down
2026/08/31 16:58:30 [notice] 28#28: gracefully shutting down
2026/08/31 16:58:30 [notice] 33#33: gracefully shutting down
2026/08/31 16:58:30 [notice] 35#35: gracefully shutting down
2026/08/31 16:58:30 [notice] 32#32: gracefully shutting down
2026/08/31 16:58:30 [notice] 36#36: gracefully shutting down
2026/08/31 16:58:30 [notice] 37#37: gracefully shutting down
2026/08/31 16:58:30 [notice] 34#34: gracefully shutting down
2026/08/31 16:58:30 [notice] 38#38: gracefully shutting down
2026/08/31 16:58:30 [notice] 41#41: gracefully shutting down
2026/08/31 16:58:30 [notice] 42#42: gracefully shutting down
2026/08/31 16:58:30 [notice] 39#39: gracefully shutting down
2026/08/31 16:58:30 [notice] 40#40: gracefully shutting down
2026/08/31 16:58:30 [notice] 30#30: gracefully shutting down
2026/08/31 16:58:30 [notice] 21#21: exiting
2026/08/31 16:58:30 [notice] 24#24: exit
2026/08/31 16:58:30 [notice] 25#25: exiting
2026/08/31 16:58:30 [notice] 29#29: exiting
2026/08/31 16:58:30 [notice] 26#26: exiting
2026/08/31 16:58:30 [notice] 27#27: exiting
2026/08/31 16:58:30 [notice] 22#22: exiting
2026/08/31 16:58:30 [notice] 23#23: exiting
2026/08/31 16:58:30 [notice] 31#31: exiting
2026/08/31 16:58:30 [notice] 28#28: exiting
2026/08/31 16:58:30 [notice] 33#33: exiting
2026/08/31 16:58:30 [notice] 35#35: exiting
2026/08/31 16:58:30 [notice] 32#32: exiting
2026/08/31 16:58:30 [notice] 36#36: exiting
2026/08/31 16:58:30 [notice] 37#37: exiting
2026/08/31 16:58:30 [notice] 34#34: exiting
2026/08/31 16:58:30 [notice] 38#38: exiting
2026/08/31 16:58:30 [notice] 41#41: exiting
2026/08/31 16:58:30 [notice] 42#42: exiting
2026/08/31 16:58:30 [notice] 39#39: exiting
2026/08/31 16:58:30 [notice] 40#40: exiting
2026/08/31 16:58:30 [notice] 30#30: exiting
2026/08/31 16:58:30 [notice] 21#21: exit
2026/08/31 16:58:30 [notice] 25#25: exit
2026/08/31 16:58:30 [notice] 29#29: exit
2026/08/31 16:58:30 [notice] 26#26: exit
2026/08/31 16:58:30 [notice] 27#27: exit
2026/08/31 16:58:30 [notice] 22#22: exit
2026/08/31 16:58:30 [notice] 23#23: exit
2026/08/31 16:58:30 [notice] 31#31: exit
2026/08/31 16:58:30 [notice] 28#28: exit
2026/08/31 16:58:30 [notice] 33#33: exit
2026/08/31 16:58:30 [notice] 35#35: exit
2026/08/31 16:58:30 [notice] 32#32: exit
2026/08/31 16:58:30 [notice] 36#36: exit
2026/08/31 16:58:30 [notice] 37#37: exit
2026/08/31 16:58:30 [notice] 34#34: exit
2026/08/31 16:58:30 [notice] 38#38: exit
2026/08/31 16:58:30 [notice] 41#41: exit
2026/08/31 16:58:30 [notice] 42#42: exit
2026/08/31 16:58:30 [notice] 39#39: exit
2026/08/31 16:58:30 [notice] 40#40: exit
2026/08/31 16:58:30 [notice] 30#30: exit
2026/08/31 16:58:30 [notice] 1#1: signal 17 (SIGCHLD) received from 24
2026/08/31 16:58:30 [notice] 1#1: worker process 24 exited with code 0
2026/08/31 16:58:30 [notice] 1#1: signal 29 (SIGIO) received
2026/08/31 16:58:30 [notice] 1#1: signal 17 (SIGCHLD) received from 35
2026/08/31 16:58:30 [notice] 1#1: worker process 22 exited with code 0
2026/08/31 16:58:30 [notice] 1#1: worker process 23 exited with code 0
2026/08/31 16:58:30 [notice] 1#1: worker process 26 exited with code 0
2026/08/31 16:58:30 [notice] 1#1: worker process 27 exited with code 0
2026/08/31 16:58:30 [notice] 1#1: worker process 28 exited with code 0
2026/08/31 16:58:30 [notice] 1#1: worker process 35 exited with code 0
2026/08/31 16:58:30 [notice] 1#1: worker process 39 exited with code 0
2026/08/31 16:58:30 [notice] 1#1: signal 29 (SIGIO) received
2026/08/31 16:58:30 [notice] 1#1: signal 17 (SIGCHLD) received from 39
2026/08/31 16:58:30 [notice] 1#1: signal 17 (SIGCHLD) received from 34
2026/08/31 16:58:30 [notice] 1#1: worker process 21 exited with code 0
2026/08/31 16:58:30 [notice] 1#1: worker process 25 exited with code 0
2026/08/31 16:58:30 [notice] 1#1: worker process 33 exited with code 0
2026/08/31 16:58:30 [notice] 1#1: worker process 34 exited with code 0
2026/08/31 16:58:30 [notice] 1#1: worker process 36 exited with code 0
2026/08/31 16:58:30 [notice] 1#1: worker process 37 exited with code 0
2026/08/31 16:58:30 [notice] 1#1: worker process 38 exited with code 0
2026/08/31 16:58:30 [notice] 1#1: worker process 29 exited with code 0
2026/08/31 16:58:30 [notice] 1#1: worker process 31 exited with code 0
2026/08/31 16:58:30 [notice] 1#1: worker process 32 exited with code 0
2026/08/31 16:58:30 [notice] 1#1: worker process 40 exited with code 0
2026/08/31 16:58:30 [notice] 1#1: worker process 42 exited with code 0
2026/08/31 16:58:30 [notice] 1#1: signal 29 (SIGIO) received
2026/08/31 16:58:30 [notice] 1#1: signal 17 (SIGCHLD) received from 38
2026/08/31 16:58:30 [notice] 1#1: signal 17 (SIGCHLD) received from 30
2026/08/31 16:58:30 [notice] 1#1: worker process 30 exited with code 0
2026/08/31 16:58:30 [notice] 1#1: worker process 41 exited with code 0
2026/08/31 16:58:30 [notice] 1#1: exit
2026/08/31 16:58:30 [notice] 1#1: using the "epoll" event method
2026/08/31 16:58:30 [notice] 1#1: nginx/1.27.5
2026/08/31 16:58:30 [notice] 1#1: built by gcc 14.2.0 (Alpine 14.2.0) 
2026/08/31 16:58:30 [notice] 1#1: OS: Linux 6.18.33.2-microsoft-standard-WSL2
2026/08/31 16:58:30 [notice] 1#1: getrlimit(RLIMIT_NOFILE): 1048576:1048576
2026/08/31 16:58:30 [notice] 1#1: start worker processes
2026/08/31 16:58:30 [notice] 1#1: start worker process 21
2026/08/31 16:58:30 [notice] 1#1: start worker process 22
2026/08/31 16:58:30 [notice] 1#1: start worker process 23
2026/08/31 16:58:30 [notice] 1#1: start worker process 24
2026/08/31 16:58:30 [notice] 1#1: start worker process 25
2026/08/31 16:58:30 [notice] 1#1: start worker process 26
2026/08/31 16:58:30 [notice] 1#1: start worker process 27
2026/08/31 16:58:30 [notice] 1#1: start worker process 28
2026/08/31 16:58:30 [notice] 1#1: start worker process 29
2026/08/31 16:58:30 [notice] 1#1: start worker process 30
2026/08/31 16:58:30 [notice] 1#1: start worker process 31
2026/08/31 16:58:30 [notice] 1#1: start worker process 32
2026/08/31 16:58:30 [notice] 1#1: start worker process 33
2026/08/31 16:58:30 [notice] 1#1: start worker process 34
2026/08/31 16:58:30 [notice] 1#1: start worker process 35
2026/08/31 16:58:30 [notice] 1#1: start worker process 36
2026/08/31 16:58:30 [notice] 1#1: start worker process 37
2026/08/31 16:58:30 [notice] 1#1: start worker process 38
2026/08/31 16:58:30 [notice] 1#1: start worker process 39
2026/08/31 16:58:30 [notice] 1#1: start worker process 40
2026/08/31 16:58:30 [notice] 1#1: start worker process 41
2026/08/31 16:58:30 [notice] 1#1: start worker process 42
2026/08/31 16:58:55 [notice] 1#1: signal 3 (SIGQUIT) received, shutting down
2026/08/31 16:58:55 [notice] 23#23: gracefully shutting down
2026/08/31 16:58:55 [notice] 30#30: gracefully shutting down
2026/08/31 16:58:55 [notice] 28#28: gracefully shutting down
2026/08/31 16:58:55 [notice] 21#21: gracefully shutting down
2026/08/31 16:58:55 [notice] 29#29: gracefully shutting down
2026/08/31 16:58:55 [notice] 22#22: gracefully shutting down
2026/08/31 16:58:55 [notice] 26#26: gracefully shutting down
2026/08/31 16:58:55 [notice] 27#27: gracefully shutting down
2026/08/31 16:58:55 [notice] 31#31: gracefully shutting down
2026/08/31 16:58:55 [notice] 33#33: gracefully shutting down
2026/08/31 16:58:55 [notice] 37#37: gracefully shutting down
2026/08/31 16:58:55 [notice] 34#34: gracefully shutting down
2026/08/31 16:58:55 [notice] 35#35: gracefully shutting down
2026/08/31 16:58:55 [notice] 36#36: gracefully shutting down
2026/08/31 16:58:55 [notice] 39#39: gracefully shutting down
2026/08/31 16:58:55 [notice] 39#39: exiting
2026/08/31 16:58:55 [notice] 38#38: gracefully shutting down
2026/08/31 16:58:55 [notice] 39#39: exit
2026/08/31 16:58:55 [notice] 32#32: gracefully shutting down
2026/08/31 16:58:55 [notice] 40#40: gracefully shutting down
2026/08/31 16:58:55 [notice] 41#41: gracefully shutting down
2026/08/31 16:58:55 [notice] 42#42: gracefully shutting down
2026/08/31 16:58:55 [notice] 25#25: gracefully shutting down
2026/08/31 16:58:55 [notice] 24#24: gracefully shutting down
2026/08/31 16:58:55 [notice] 23#23: exiting
2026/08/31 16:58:55 [notice] 30#30: exiting
2026/08/31 16:58:55 [notice] 28#28: exiting
2026/08/31 16:58:55 [notice] 29#29: exiting
2026/08/31 16:58:55 [notice] 26#26: exiting
2026/08/31 16:58:55 [notice] 27#27: exiting
2026/08/31 16:58:55 [notice] 31#31: exiting
2026/08/31 16:58:55 [notice] 33#33: exiting
2026/08/31 16:58:55 [notice] 37#37: exiting
2026/08/31 16:58:55 [notice] 34#34: exiting
2026/08/31 16:58:55 [notice] 35#35: exiting
2026/08/31 16:58:55 [notice] 36#36: exiting
2026/08/31 16:58:55 [notice] 38#38: exiting
2026/08/31 16:58:55 [notice] 32#32: exiting
2026/08/31 16:58:55 [notice] 40#40: exiting
2026/08/31 16:58:55 [notice] 41#41: exiting
2026/08/31 16:58:55 [notice] 42#42: exiting
2026/08/31 16:58:55 [notice] 25#25: exiting
2026/08/31 16:58:55 [notice] 24#24: exiting
2026/08/31 16:58:55 [notice] 23#23: exit
2026/08/31 16:58:55 [notice] 30#30: exit
2026/08/31 16:58:55 [notice] 28#28: exit
2026/08/31 16:58:55 [notice] 29#29: exit
2026/08/31 16:58:55 [notice] 26#26: exit
2026/08/31 16:58:55 [notice] 27#27: exit
2026/08/31 16:58:55 [notice] 31#31: exit
2026/08/31 16:58:55 [notice] 33#33: exit
2026/08/31 16:58:55 [notice] 37#37: exit
2026/08/31 16:58:55 [notice] 34#34: exit
2026/08/31 16:58:55 [notice] 35#35: exit
2026/08/31 16:58:55 [notice] 36#36: exit
2026/08/31 16:58:55 [notice] 38#38: exit
2026/08/31 16:58:55 [notice] 32#32: exit
2026/08/31 16:58:55 [notice] 40#40: exit
2026/08/31 16:58:55 [notice] 41#41: exit
2026/08/31 16:58:55 [notice] 42#42: exit
2026/08/31 16:58:55 [notice] 25#25: exit
2026/08/31 16:58:55 [notice] 24#24: exit
2026/08/31 16:58:55 [notice] 1#1: signal 17 (SIGCHLD) received from 31
2026/08/31 16:58:55 [notice] 1#1: worker process 31 exited with code 0
2026/08/31 16:58:55 [notice] 1#1: signal 29 (SIGIO) received
2026/08/31 16:58:55 [notice] 1#1: signal 17 (SIGCHLD) received from 33
2026/08/31 16:58:55 [notice] 1#1: worker process 29 exited with code 0
2026/08/31 16:58:55 [notice] 1#1: worker process 33 exited with code 0
2026/08/31 16:58:55 [notice] 1#1: signal 29 (SIGIO) received
2026/08/31 16:58:55 [notice] 1#1: signal 17 (SIGCHLD) received from 39
2026/08/31 16:58:55 [notice] 1#1: worker process 34 exited with code 0
2026/08/31 16:58:55 [notice] 1#1: worker process 39 exited with code 0
2026/08/31 16:58:55 [notice] 1#1: signal 29 (SIGIO) received
2026/08/31 16:58:55 [notice] 1#1: signal 17 (SIGCHLD) received from 34
2026/08/31 16:58:55 [notice] 1#1: signal 17 (SIGCHLD) received from 25
2026/08/31 16:58:55 [notice] 1#1: worker process 25 exited with code 0
2026/08/31 16:58:55 [notice] 1#1: worker process 30 exited with code 0
2026/08/31 16:58:55 [notice] 1#1: signal 29 (SIGIO) received
2026/08/31 16:58:55 [notice] 1#1: signal 17 (SIGCHLD) received from 37
2026/08/31 16:58:55 [notice] 1#1: worker process 23 exited with code 0
2026/08/31 16:58:55 [notice] 1#1: worker process 26 exited with code 0
2026/08/31 16:58:55 [notice] 1#1: worker process 27 exited with code 0
2026/08/31 16:58:55 [notice] 1#1: worker process 28 exited with code 0
2026/08/31 16:58:55 [notice] 1#1: worker process 35 exited with code 0
2026/08/31 16:58:55 [notice] 1#1: worker process 36 exited with code 0
2026/08/31 16:58:55 [notice] 1#1: worker process 24 exited with code 0
2026/08/31 16:58:55 [notice] 1#1: worker process 37 exited with code 0
2026/08/31 16:58:55 [notice] 1#1: worker process 38 exited with code 0
2026/08/31 16:58:55 [notice] 1#1: worker process 40 exited with code 0
2026/08/31 16:58:55 [notice] 1#1: worker process 41 exited with code 0
2026/08/31 16:58:55 [notice] 1#1: worker process 42 exited with code 0
2026/08/31 16:58:55 [notice] 1#1: signal 17 (SIGCHLD) received from 28
2026/08/31 16:58:55 [notice] 1#1: worker process 32 exited with code 0
2026/08/31 16:58:55 [notice] 1#1: signal 17 (SIGCHLD) received from 32
2026/08/31 16:58:55 [notice] 1#1: signal 29 (SIGIO) received
2026/08/31 16:59:05 [notice] 1#1: using the "epoll" event method
2026/08/31 16:59:05 [notice] 1#1: nginx/1.27.5
2026/08/31 16:59:05 [notice] 1#1: built by gcc 14.2.0 (Alpine 14.2.0) 
2026/08/31 16:59:05 [notice] 1#1: OS: Linux 6.18.33.2-microsoft-standard-WSL2
2026/08/31 16:59:05 [notice] 1#1: getrlimit(RLIMIT_NOFILE): 1048576:1048576
2026/08/31 16:59:05 [notice] 1#1: start worker processes
2026/08/31 16:59:05 [notice] 1#1: start worker process 21
2026/08/31 16:59:05 [notice] 1#1: start worker process 22
2026/08/31 16:59:05 [notice] 1#1: start worker process 23
2026/08/31 16:59:05 [notice] 1#1: start worker process 24
2026/08/31 16:59:05 [notice] 1#1: start worker process 25
2026/08/31 16:59:05 [notice] 1#1: start worker process 26
2026/08/31 16:59:05 [notice] 1#1: start worker process 27
2026/08/31 16:59:05 [notice] 1#1: start worker process 28
2026/08/31 16:59:05 [notice] 1#1: start worker process 29
2026/08/31 16:59:05 [notice] 1#1: start worker process 30
2026/08/31 16:59:05 [notice] 1#1: start worker process 31
2026/08/31 16:59:05 [notice] 1#1: start worker process 32
2026/08/31 16:59:05 [notice] 1#1: start worker process 33
2026/08/31 16:59:05 [notice] 1#1: start worker process 34
2026/08/31 16:59:05 [notice] 1#1: start worker process 35
2026/08/31 16:59:05 [notice] 1#1: start worker process 36
2026/08/31 16:59:05 [notice] 1#1: start worker process 37
2026/08/31 16:59:05 [notice] 1#1: start worker process 38
2026/08/31 16:59:05 [notice] 1#1: start worker process 39
2026/08/31 16:59:05 [notice] 1#1: start worker process 40
2026/08/31 16:59:05 [notice] 1#1: start worker process 41
2026/08/31 16:59:05 [notice] 1#1: start worker process 42
2026/09/01 09:59:02 [notice] 1#1: signal 3 (SIGQUIT) received, shutting down
2026/09/01 09:59:02 [notice] 23#23: gracefully shutting down
2026/09/01 09:59:02 [notice] 26#26: gracefully shutting down
2026/09/01 09:59:02 [notice] 24#24: gracefully shutting down
2026/09/01 09:59:02 [notice] 21#21: gracefully shutting down
2026/09/01 09:59:02 [notice] 27#27: gracefully shutting down
2026/09/01 09:59:02 [notice] 36#36: gracefully shutting down
2026/09/01 09:59:02 [notice] 31#31: gracefully shutting down
2026/09/01 09:59:02 [notice] 35#35: gracefully shutting down
2026/09/01 09:59:02 [notice] 40#40: gracefully shutting down
2026/09/01 09:59:02 [notice] 37#37: gracefully shutting down
2026/09/01 09:59:02 [notice] 34#34: gracefully shutting down
2026/09/01 09:59:02 [notice] 37#37: exiting
2026/09/01 09:59:02 [notice] 42#42: gracefully shutting down
2026/09/01 09:59:02 [notice] 39#39: gracefully shutting down
2026/09/01 09:59:02 [notice] 41#41: gracefully shutting down
2026/09/01 09:59:02 [notice] 30#30: gracefully shutting down
2026/09/01 09:59:02 [notice] 29#29: gracefully shutting down
2026/09/01 09:59:02 [notice] 25#25: gracefully shutting down
2026/09/01 09:59:02 [notice] 22#22: gracefully shutting down
2026/09/01 09:59:02 [notice] 33#33: gracefully shutting down
2026/09/01 09:59:02 [notice] 22#22: exiting
2026/09/01 09:59:02 [notice] 32#32: gracefully shutting down
2026/09/01 09:59:02 [notice] 22#22: exit
2026/09/01 09:59:02 [notice] 38#38: gracefully shutting down
2026/09/01 09:59:02 [notice] 28#28: gracefully shutting down
2026/09/01 09:59:02 [notice] 23#23: exiting
2026/09/01 09:59:02 [notice] 38#38: exiting
2026/09/01 09:59:02 [notice] 26#26: exiting
2026/09/01 09:59:02 [notice] 38#38: exit
2026/09/01 09:59:02 [notice] 24#24: exiting
2026/09/01 09:59:02 [notice] 21#21: exiting
2026/09/01 09:59:02 [notice] 27#27: exiting
2026/09/01 09:59:02 [notice] 36#36: exiting
2026/09/01 09:59:02 [notice] 31#31: exiting
2026/09/01 09:59:02 [notice] 35#35: exiting
2026/09/01 09:59:02 [notice] 40#40: exiting
2026/09/01 09:59:02 [notice] 34#34: exiting
2026/09/01 09:59:02 [notice] 42#42: exiting
2026/09/01 09:59:02 [notice] 37#37: exit
2026/09/01 09:59:02 [notice] 39#39: exiting
2026/09/01 09:59:02 [notice] 41#41: exiting
2026/09/01 09:59:02 [notice] 39#39: exit
2026/09/01 09:59:02 [notice] 30#30: exiting
2026/09/01 09:59:02 [notice] 29#29: exiting
2026/09/01 09:59:02 [notice] 25#25: exiting
2026/09/01 09:59:02 [notice] 33#33: exiting
2026/09/01 09:59:02 [notice] 32#32: exiting
2026/09/01 09:59:02 [notice] 23#23: exit
2026/09/01 09:59:02 [notice] 28#28: exiting
2026/09/01 09:59:02 [notice] 26#26: exit
2026/09/01 09:59:02 [notice] 24#24: exit
2026/09/01 09:59:02 [notice] 21#21: exit
2026/09/01 09:59:02 [notice] 27#27: exit
2026/09/01 09:59:02 [notice] 36#36: exit
2026/09/01 09:59:02 [notice] 31#31: exit
2026/09/01 09:59:02 [notice] 35#35: exit
2026/09/01 09:59:02 [notice] 40#40: exit
2026/09/01 09:59:02 [notice] 34#34: exit
2026/09/01 09:59:02 [notice] 42#42: exit
2026/09/01 09:59:02 [notice] 41#41: exit
2026/09/01 09:59:02 [notice] 30#30: exit
2026/09/01 09:59:02 [notice] 29#29: exit
2026/09/01 09:59:02 [notice] 25#25: exit
2026/09/01 09:59:02 [notice] 33#33: exit
2026/09/01 09:59:02 [notice] 32#32: exit
2026/09/01 09:59:02 [notice] 28#28: exit
2026/09/01 09:59:02 [notice] 1#1: signal 17 (SIGCHLD) received from 38
2026/09/01 09:59:02 [notice] 1#1: worker process 38 exited with code 0
2026/09/01 09:59:02 [notice] 1#1: signal 29 (SIGIO) received
2026/09/01 09:59:02 [notice] 1#1: signal 17 (SIGCHLD) received from 22
2026/09/01 09:59:02 [notice] 1#1: worker process 22 exited with code 0
2026/09/01 09:59:02 [notice] 1#1: worker process 34 exited with code 0
2026/09/01 09:59:02 [notice] 1#1: worker process 39 exited with code 0
2026/09/01 09:59:02 [notice] 1#1: signal 29 (SIGIO) received
2026/09/01 09:59:02 [notice] 1#1: signal 17 (SIGCHLD) received from 29
2026/09/01 09:59:02 [notice] 1#1: worker process 21 exited with code 0
2026/09/01 09:59:02 [notice] 1#1: worker process 23 exited with code 0
2026/09/01 09:59:02 [notice] 1#1: worker process 24 exited with code 0
2026/09/01 09:59:02 [notice] 1#1: worker process 25 exited with code 0
2026/09/01 09:59:02 [notice] 1#1: worker process 26 exited with code 0
2026/09/01 09:59:02 [notice] 1#1: worker process 27 exited with code 0
2026/09/01 09:59:02 [notice] 1#1: worker process 29 exited with code 0
2026/09/01 09:59:02 [notice] 1#1: worker process 30 exited with code 0
2026/09/01 09:59:02 [notice] 1#1: worker process 31 exited with code 0
2026/09/01 09:59:02 [notice] 1#1: worker process 32 exited with code 0
2026/09/01 09:59:02 [notice] 1#1: worker process 33 exited with code 0
2026/09/01 09:59:02 [notice] 1#1: worker process 35 exited with code 0
2026/09/01 09:59:02 [notice] 1#1: worker process 36 exited with code 0
2026/09/01 09:59:02 [notice] 1#1: worker process 37 exited with code 0
2026/09/01 09:59:02 [notice] 1#1: worker process 40 exited with code 0
2026/09/01 09:59:02 [notice] 1#1: worker process 41 exited with code 0
2026/09/01 09:59:02 [notice] 1#1: worker process 42 exited with code 0
2026/09/01 09:59:02 [notice] 1#1: signal 29 (SIGIO) received
2026/09/01 09:59:02 [notice] 1#1: signal 17 (SIGCHLD) received from 32
2026/09/01 09:59:02 [notice] 1#1: signal 17 (SIGCHLD) received from 28
2026/09/01 09:59:02 [notice] 1#1: worker process 28 exited with code 0
2026/09/01 09:59:02 [notice] 1#1: exit
2026/09/01 13:22:13 [notice] 1#1: using the "epoll" event method
2026/09/01 13:22:13 [notice] 1#1: nginx/1.27.5
2026/09/01 13:22:13 [notice] 1#1: built by gcc 14.2.0 (Alpine 14.2.0) 
2026/09/01 13:22:13 [notice] 1#1: OS: Linux 6.18.33.2-microsoft-standard-WSL2
2026/09/01 13:22:13 [notice] 1#1: getrlimit(RLIMIT_NOFILE): 1048576:1048576
2026/09/01 13:22:13 [notice] 1#1: start worker processes
2026/09/01 13:22:13 [notice] 1#1: start worker process 21
2026/09/01 13:22:13 [notice] 1#1: start worker process 22
2026/09/01 13:22:13 [notice] 1#1: start worker process 23
2026/09/01 13:22:13 [notice] 1#1: start worker process 24
2026/09/01 13:22:13 [notice] 1#1: start worker process 25
2026/09/01 13:22:13 [notice] 1#1: start worker process 26
2026/09/01 13:22:13 [notice] 1#1: start worker process 27
2026/09/01 13:22:13 [notice] 1#1: start worker process 28
2026/09/01 13:22:13 [notice] 1#1: start worker process 29
2026/09/01 13:22:13 [notice] 1#1: start worker process 30
2026/09/01 13:22:13 [notice] 1#1: start worker process 31
2026/09/01 13:22:13 [notice] 1#1: start worker process 32
2026/09/01 13:22:13 [notice] 1#1: start worker process 33
2026/09/01 13:22:13 [notice] 1#1: start worker process 34
2026/09/01 13:22:13 [notice] 1#1: start worker process 35
2026/09/01 13:22:13 [notice] 1#1: start worker process 36
2026/09/01 13:22:13 [notice] 1#1: start worker process 37
2026/09/01 13:22:13 [notice] 1#1: start worker process 38
2026/09/01 13:22:13 [notice] 1#1: start worker process 39
2026/09/01 13:22:13 [notice] 1#1: start worker process 40
2026/09/01 13:22:13 [notice] 1#1: start worker process 41
2026/09/01 13:22:13 [notice] 1#1: start worker process 42
